
================================================================================
Order ID: 202512311646196791
Type: PAYMENT_REQUEST
Timestamp: 2025-12-31 16:46:19
--------------------------------------------------------------------------------
{
    "timestamp": "2025-12-31 16:46:19",
    "type": "PAYMENT_REQUEST",
    "order_id": "202512311646196791",
    "amount": "500.00",
    "currency": "0949",
    "merchant_id": "8220",
    "username": "aksaapi",
    "transaction_security": "3",
    "has_threeDSRequestorURL": "YES",
    "threeDSRequestorURL": "https://nisaulaksa.org.tr/vakifbank_callback.php",
    "browser_info": {
        "javaEnabled": "N/A",
        "javascriptEnabled": "N/A",
        "language": "N/A",
        "colorDepth": "N/A",
        "screenHeight": "N/A",
        "screenWidth": "N/A",
        "timezone": "N/A"
    },
    "test_mode": "prod",
    "ip_address": "159.146.55.76",
    "user_agent": "Mozilla/5.0 (Macintosh; Intel Mac OS X 10_15_7) AppleWebKit/537.36 (KHTML, like Gecko) Chrome/143.0.0.0 Safari/537.36"
}
================================================================================

================================================================================
Order ID: 202512311647542082
Type: PAYMENT_REQUEST
Timestamp: 2025-12-31 16:47:54
--------------------------------------------------------------------------------
{
    "timestamp": "2025-12-31 16:47:54",
    "type": "PAYMENT_REQUEST",
    "order_id": "202512311647542082",
    "amount": "500.00",
    "currency": "0949",
    "merchant_id": "8220",
    "username": "aksaapi",
    "transaction_security": "3",
    "has_threeDSRequestorURL": "YES",
    "threeDSRequestorURL": "https://nisaulaksa.org.tr/vakifbank_callback.php",
    "browser_info": {
        "javaEnabled": "N/A",
        "javascriptEnabled": "N/A",
        "language": "N/A",
        "colorDepth": "N/A",
        "screenHeight": "N/A",
        "screenWidth": "N/A",
        "timezone": "N/A"
    },
    "test_mode": "prod",
    "ip_address": "159.146.55.76",
    "user_agent": "Mozilla/5.0 (Macintosh; Intel Mac OS X 10_15_7) AppleWebKit/537.36 (KHTML, like Gecko) Chrome/143.0.0.0 Safari/537.36"
}
================================================================================

================================================================================
Order ID: 202512311647542082
Type: BANK_RESPONSE
Timestamp: 2025-12-31 16:48:41
--------------------------------------------------------------------------------
{
    "timestamp": "2025-12-31 16:48:41",
    "type": "BANK_RESPONSE",
    "order_id": "202512311647542082",
    "status": "SUCCESS",
    "response_code": "00",
    "response_message": "İşlem Başarılı",
    "transaction_id": "202512311647542082",
    "md_status": "N/A",
    "error_code": "",
    "full_response": {
        "Rc": "00",
        "Message": "İşlem Başarılı",
        "TransactionId": "202512311647542082",
        "ErrorCode": ""
    },
    "ip_address": "159.146.55.76"
}
================================================================================
